<!DOCTYPE HTML PUBLIC "-//W3C//DTD HTML 4.01 Transitional//EN" "http://www.w3.org/TR/html4/loose.dtd">
<html>
<head>
<meta http-equiv="Content-Type" content="text/html; charset=utf8">
<title></title>
<style type="text/css">
.ansi2html-content { display: inline; white-space: pre-wrap; word-wrap: break-word; }
.body_foreground { color: #AAAAAA; }
.body_background { background-color: #000000; }
.body_foreground > .bold,.bold > .body_foreground, body.body_foreground > pre > .bold { color: #FFFFFF; font-weight: normal; }
.inv_foreground { color: #000000; }
.inv_background { background-color: #AAAAAA; }
.ansi1 { font-weight: bold; }
.ansi33 { color: #aa5500; }
.ansi34 { color: #0000aa; }
</style>
</head>
<body class="body_foreground body_background" style="font-size: normal;" >
<pre class="ansi2html-content">
<span id="line-0"><span class="ansi1 ansi34">┄</span><span class="ansi1 ansi34">The heading</span></span>
<span id="line-1"></span>
<span id="line-2">Lorem ipsum dolor sit amet, consetetur sadipscing elitr, sed diam nonumy eirmod tempor invidunt ut labore et dolore</span>
<span id="line-3">magna aliquyam erat, sed diam voluptua.</span>
<span id="line-4"></span>
<span id="line-5"><span class="ansi1 ansi34">┄┄</span><span class="ansi1 ansi34">A sub-heading</span></span>
<span id="line-6"></span>
<span id="line-7">Lorem ipsum dolor sit amet, consetetur sadipscing elitr,</span>
<span id="line-8">sed diam nonumy eirmod tempor invidunt ut labore et dolore</span>
<span id="line-9">magna aliquyam erat, sed diam voluptua.</span>
<span id="line-10"></span>
<span id="line-11"><span class="ansi1 ansi34">┄┄</span><span class="ansi1 ansi34">Another heading with </span><span class="ansi1 ansi33">inline formatting</span></span>
<span id="line-12"></span>
<span id="line-13">Bye Bye</span>
<span id="line-14"></span>

</pre>
</body>

</html>
